unexpected special-purpose function name: '_GLOBAL__'
