Linking empty.o as 0
Starting first resolve run
Disabling handling of special-purpose functions; '__trigger_gbl_ctors' not available
