resolving lib libgcc.a
Linking empty.o as 0
trying lib libgcc/libgcc.a
Starting first resolve run
