unable to extract priority from special-purpose function '_GLOBAL__I_three_0_c1'
