Linking o/a.o as 0
trying lib a/libf_.a
Starting first resolve run
Resolving f3
Resolving f1
Linking a/libf_.a::f123.o/          as 1
Disabling handling of special-purpose functions; '__trigger_gbl_ctors' not available
