0: print-argv-1.nvptx
1: --help
2: a
3: --iNvALiD
4: B
5: 
6: cc
7: --
8: eNd
