0000000000000000 D environ
0000000000000000 d initial_env
