                 U __mprec_bigtens
0000000000000000 d $LC2
0000000000000000 T _dtoa_r
0000000000000000 t quorem
