0000000000000000 t quorem
0000000000000000 T _dtoa_r
0000000000000000 d $LC2
                 U __mprec_bigtens
