dummy ptxas
  arg: -c
  arg: -o
  arg: /dev/null
  arg: /dev/null
  arg: --gpu-name
  arg: sm_35
  arg: -O0
