Verifying sm_30 code with sm_35 code generation.
 ptxas -c -o /dev/null /dev/null --gpu-name sm_35 -O0
