 ptxas -c -o /dev/null /dev/null --gpu-name sm_35 -O0
