0000000000000000 T _Z15global_functioni
0000000000000000 T _Z16global_function2v
0000000000000000 d _ZL10static_var
0000000000000000 t _ZL15static_functionv
0000000000000000 d _ZL15static_var_init
0000000000000000 d _ZZ15global_functioniE16local_static_var
0000000000000000 d _ZZ15global_functioniE21local_static_var_init
0000000000000000 d _ZZL15static_functionvE16local_static_var
0000000000000000 d _ZZL15static_functionvE21local_static_var_init
0000000000000000 D environ
0000000000000000 D global_var
0000000000000000 D global_var_init
0000000000000000 d initial_env
0000000000000000 T main
0000000000000000 T memset
0000000000000000 T non_mangled_function
