                 U environ
                 U global_var
                 U memset
0000000000000000 T NON_MANGLED_FUNCTION
0000000000000000 T _Z15GLOBAL_FUNCTIONi
0000000000000000 T _Z16GLOBAL_FUNCTION2v
0000000000000000 T _Z4MAINv
0000000000000000 d _ZL10static_var
0000000000000000 t _ZL15static_functionv
0000000000000000 d _ZL15static_var_init
0000000000000000 d _ZZ15GLOBAL_FUNCTIONiE16local_static_var
0000000000000000 d _ZZ15GLOBAL_FUNCTIONiE21local_static_var_init
0000000000000000 d _ZZL15static_functionvE16local_static_var
0000000000000000 d _ZZL15static_functionvE21local_static_var_init
